<html>
<body>
<pre>
<h1>µVision Build Log</h1>
<h2>Tool Versions:</h2>
IDE-Version: ¶ÃVision V5.14.0.0
Copyright (C) 2015 ARM Ltd and ARM Germany GmbH. All rights reserved.
License Information: 111 111, 111, LIC=Z3C63-AY9KU-9Z7WW-QTQCF-3VTYG-7B17V
 
Tool Versions:
Toolchain:       MDK-ARM Professional  Version: 5.14.0.0
Toolchain Path:  C:\Keil_v5\ARM\ARMCC\Bin
C Compiler:      Armcc.exe V5.05 update 1 (build 106)
Assembler:       Armasm.exe V5.05 update 1 (build 106)
Linker/Locator:  ArmLink.exe V5.05 update 1 (build 106)
Library Manager: ArmAr.exe V5.05 update 1 (build 106)
Hex Converter:   FromElf.exe V5.05 update 1 (build 106)
CPU DLL:         SARMCM3.DLL V5.14.0.0
Dialog DLL:      DCM.DLL V1.13.1.0
Target DLL:      UL2CM3.DLL V1.155.0.0
Dialog DLL:      TCM.DLL V1.14.4.0
 
<h2>Project:</h2>
D:\Template\USER\Template.uvprojx
Project File Date:  04/24/2026

<h2>Output:</h2>
Build target 'Template'
compiling esp8266.c...
..\SYSTEM\usart3\usart3.h(20): warning:  #1-D: last line of file ends without a newline
  #endif
..\HARDWARE\ESP8266\esp8266.c(224): warning:  #223-D: function "delay_ms" declared implicitly
      delay_ms(1000);
..\HARDWARE\ESP8266\esp8266.c(257): warning:  #223-D: function "delay_ms" declared implicitly
      delay_ms(5000);
..\HARDWARE\ESP8266\esp8266.c(278): warning:  #870-D: invalid multibyte character sequence
      printf("Êï∞ÊçÆÂèëÈÄÅÊàêÂä? %s\r\n", data);
..\HARDWARE\ESP8266\esp8266.c: 4 warnings, 0 errors
linking...
Program Size: Code=13528 RO-data=1148 RW-data=40 ZI-data=3904  
FromELF: creating hex file...
"..\OBJ\Template.axf" - 0 Error(s), 4 Warning(s).

<h2>Collection of Component include folders:</h2>
  D:\Template\USER\RTE
  D:\KEIL5\Keil\STM32F4xx_DFP\2.13.0

<h2>Collection of Component Files used:</h2>
</pre>
</body>
</html>
