<html>
<body>
<pre>
<h1>µVision Build Log</h1>
<h2>Tool Versions:</h2>
IDE-Version: ¦ÌVision V5.14.0.0
Copyright (C) 2015 ARM Ltd and ARM Germany GmbH. All rights reserved.
License Information: 111 111, 111, LIC=Z3C63-AY9KU-9Z7WW-QTQCF-3VTYG-7B17V
 
Tool Versions:
Toolchain:       MDK-ARM Professional  Version: 5.14.0.0
Toolchain Path:  C:\Keil_v5\ARM\ARMCC\Bin
C Compiler:      Armcc.exe V5.05 update 1 (build 106)
Assembler:       Armasm.exe V5.05 update 1 (build 106)
Linker/Locator:  ArmLink.exe V5.05 update 1 (build 106)
Library Manager: ArmAr.exe V5.05 update 1 (build 106)
Hex Converter:   FromElf.exe V5.05 update 1 (build 106)
CPU DLL:         SARMCM3.DLL V5.14.0.0
Dialog DLL:      DCM.DLL V1.13.1.0
Target DLL:      UL2CM3.DLL V1.155.0.0
Dialog DLL:      TCM.DLL V1.14.4.0
 
<h2>Project:</h2>
D:\Template\USER\Template.uvprojx
Project File Date:  04/24/2026

<h2>Output:</h2>
Build target 'Template'
compiling main.c...
..\HARDWARE\GP2Y\gp2y.h(48): warning:  #1-D: last line of file ends without a newline
  #endif
main.c(45): warning:  #1-D: last line of file ends without a newline
  }
main.c: 2 warnings, 0 errors
compiling gp2y.c...
..\HARDWARE\GP2Y\gp2y.h(48): warning:  #1-D: last line of file ends without a newline
  #endif
..\HARDWARE\GP2Y\gp2y.c(191): warning:  #1-D: last line of file ends without a newline
  }
..\HARDWARE\GP2Y\gp2y.c: 2 warnings, 0 errors
linking...
Program Size: Code=8492 RO-data=600 RW-data=36 ZI-data=2332  
FromELF: creating hex file...
"..\OBJ\Template.axf" - 0 Error(s), 4 Warning(s).

<h2>Collection of Component include folders:</h2>
  D:\Template\USER\RTE
  D:\KEIL5\Keil\STM32F4xx_DFP\2.13.0

<h2>Collection of Component Files used:</h2>
</pre>
</body>
</html>
